[preview.colorlib.com/theme/medico/index.html]
[backblue.gif]
[fade.gif]
[index.html]
[preview.colorlib.com/theme/medico/img/favicon.png]
[preview.colorlib.com/theme/medico/css/bootstrap.min.css]
[preview.colorlib.com/theme/medico/css/animate.css]
[preview.colorlib.com/theme/medico/css/owl.carousel.min.css]
[preview.colorlib.com/theme/medico/css/themify-icons.css]
[preview.colorlib.com/theme/medico/css/flaticon.css]
[preview.colorlib.com/theme/medico/css/magnific-popup.css]
[preview.colorlib.com/theme/medico/css/nice-select.css]
[preview.colorlib.com/theme/medico/css/slick.css]
[preview.colorlib.com/theme/medico/css/style.css]
[preview.colorlib.com/theme/medico/index-2.html]
[preview.colorlib.com/theme/medico/img/logo.png]
[preview.colorlib.com/theme/medico/about.html]
[preview.colorlib.com/theme/medico/Doctor.html]
[preview.colorlib.com/theme/medico/blog.html]
[preview.colorlib.com/theme/medico/services.html]
[preview.colorlib.com/theme/medico/dep.html]
[preview.colorlib.com/theme/medico/elements.html]
[preview.colorlib.com/theme/medico/single-blog.html]
[preview.colorlib.com/theme/medico/contact.html]
[preview.colorlib.com/theme/medico/img/banner_img.png]
[preview.colorlib.com/theme/medico/img/top_service.png]
[preview.colorlib.com/theme/medico/img/icon/banner_1.svg]
[preview.colorlib.com/theme/medico/img/icon/banner_2.svg]
[preview.colorlib.com/theme/medico/img/icon/banner_3.svg]
[preview.colorlib.com/theme/medico/img/icon/feature_1.svg]
[preview.colorlib.com/theme/medico/img/icon/feature_2.svg]
[preview.colorlib.com/theme/medico/img/service.png]
[preview.colorlib.com/theme/medico/img/doctor/doctor_1.png]
[preview.colorlib.com/theme/medico/img/doctor/doctor_4.png]
[preview.colorlib.com/theme/medico/img/doctor/doctor_2.png]
[preview.colorlib.com/theme/medico/img/doctor/doctor_3.png]
[preview.colorlib.com/theme/medico/img/reservation.png]
[preview.colorlib.com/theme/medico/img/blog/blog_2.png]
[preview.colorlib.com/theme/medico/img/blog/blog_3.png]
[preview.colorlib.com/theme/medico/js/jquery-1.12.1.min.js]
[preview.colorlib.com/theme/medico/js/popper.min.js]
[preview.colorlib.com/theme/medico/js/bootstrap.min.js]
[preview.colorlib.com/theme/medico/js/owl.carousel.min.js]
[preview.colorlib.com/theme/medico/js/jquery.nice-select.min.js]
[preview.colorlib.com/theme/medico/js/jquery.ajaxchimp.min.js]
[preview.colorlib.com/theme/medico/js/jquery.form.js]
[preview.colorlib.com/theme/medico/js/jquery.validate.min.js]
[preview.colorlib.com/theme/medico/js/mail-script.js]
[preview.colorlib.com/theme/medico/js/contact.js]
[preview.colorlib.com/theme/medico/index.html]
[preview.colorlib.com/theme/medico/css/bootstrap.min.css]
[preview.colorlib.com/theme/medico/css/animate.css]
[preview.colorlib.com/theme/medico/js/custom.js]
[preview.colorlib.com/theme/medico/css/owl.video.play.png]
[preview.colorlib.com/theme/medico/css/owl.carousel.min.css]
[preview.colorlib.com/theme/medico/fonts/themify9f24.eot]
[preview.colorlib.com/theme/medico/fonts/themifyd41d.eot]
[preview.colorlib.com/theme/medico/fonts/themify9f24.woff]
[preview.colorlib.com/theme/medico/fonts/themify9f24.ttf]
[preview.colorlib.com/theme/medico/css/themify-icons.css]
[preview.colorlib.com/theme/medico/fonts/themify9f24.svg]
[preview.colorlib.com/theme/medico/fonts/Flaticon.eot]
[preview.colorlib.com/theme/medico/fonts/Flaticond41d.eot]
[preview.colorlib.com/theme/medico/fonts/Flaticon.woff2]
[preview.colorlib.com/theme/medico/fonts/Flaticon.woff]
[preview.colorlib.com/theme/medico/fonts/Flaticon.ttf]
[preview.colorlib.com/theme/medico/fonts/Flaticon.svg]
[preview.colorlib.com/theme/medico/css/Flaticon.svg]
[preview.colorlib.com/theme/medico/css/flaticon.css]
[preview.colorlib.com/theme/medico/css/magnific-popup.css]
[preview.colorlib.com/theme/medico/css/nice-select.css]
[preview.colorlib.com/theme/medico/css/slick.css]
[preview.colorlib.com/theme/medico/img/review_bg.png]
[preview.colorlib.com/theme/medico/img/banner_bg.png]
[preview.colorlib.com/theme/medico/img/about_bg.png]
[preview.colorlib.com/theme/medico/img/reservation_bg.png]
[preview.colorlib.com/theme/medico/img/intro_video_bg.png]
[preview.colorlib.com/theme/medico/img/elements/primary-check.png]
[preview.colorlib.com/theme/medico/img/elements/success-check.png]
[preview.colorlib.com/theme/medico/img/elements/disabled-check.png]
[preview.colorlib.com/theme/medico/img/elements/primary-radio.png]
[preview.colorlib.com/theme/medico/img/elements/success-radio.png]
[preview.colorlib.com/theme/medico/img/elements/disabled-radio.png]
[preview.colorlib.com/theme/medico/img/breadcrumb.png]
[preview.colorlib.com/theme/medico/css/style.css]
[preview.colorlib.com/theme/medico/index-2.html]
[preview.colorlib.com/theme/medico/about.html]
[preview.colorlib.com/theme/medico/Doctor.html]
[preview.colorlib.com/theme/medico/img/blog/single_blog_1.png]
[preview.colorlib.com/theme/medico/img/blog/single_blog_2.png]
[preview.colorlib.com/theme/medico/img/blog/single_blog_3.png]
[preview.colorlib.com/theme/medico/img/blog/single_blog_4.png]
[preview.colorlib.com/theme/medico/img/blog/single_blog_5.png]
[preview.colorlib.com/theme/medico/img/post/post_1.png]
[preview.colorlib.com/theme/medico/img/post/post_2.png]
[preview.colorlib.com/theme/medico/img/post/post_3.png]
[preview.colorlib.com/theme/medico/img/post/post_4.png]
[preview.colorlib.com/theme/medico/img/post/post_5.png]
[preview.colorlib.com/theme/medico/img/post/post_6.png]
[preview.colorlib.com/theme/medico/img/post/post_7.png]
[preview.colorlib.com/theme/medico/img/post/post_8.png]
[preview.colorlib.com/theme/medico/img/post/post_9.png]
[preview.colorlib.com/theme/medico/img/post/post_10.png]
[preview.colorlib.com/theme/medico/blog.html]
[preview.colorlib.com/theme/medico/services.html]
[preview.colorlib.com/theme/medico/dep.html]
[preview.colorlib.com/theme/medico/img/elements/d.jpg]
[preview.colorlib.com/theme/medico/img/elements/f1.jpg]
[preview.colorlib.com/theme/medico/img/elements/f2.jpg]
[preview.colorlib.com/theme/medico/img/elements/f3.jpg]
[preview.colorlib.com/theme/medico/img/elements/f4.jpg]
[preview.colorlib.com/theme/medico/img/elements/f5.jpg]
[preview.colorlib.com/theme/medico/img/elements/f6.jpg]
[preview.colorlib.com/theme/medico/img/elements/f7.jpg]
[preview.colorlib.com/theme/medico/img/elements/f8.jpg]
[preview.colorlib.com/theme/medico/img/elements/g1.jpg]
[preview.colorlib.com/theme/medico/img/elements/g2.jpg]
[preview.colorlib.com/theme/medico/img/elements/g3.jpg]
[preview.colorlib.com/theme/medico/img/elements/g4.jpg]
[preview.colorlib.com/theme/medico/img/elements/g5.jpg]
[preview.colorlib.com/theme/medico/img/elements/g6.jpg]
[preview.colorlib.com/theme/medico/img/elements/g7.jpg]
[preview.colorlib.com/theme/medico/img/elements/g8.jpg]
[preview.colorlib.com/theme/medico/elements.html]
[preview.colorlib.com/theme/medico/img/post/preview.png]
[preview.colorlib.com/theme/medico/img/post/next.png]
[preview.colorlib.com/theme/medico/img/blog/author.png]
[preview.colorlib.com/theme/medico/img/comment/comment_1.png]
[preview.colorlib.com/theme/medico/img/comment/comment_2.png]
[preview.colorlib.com/theme/medico/img/comment/comment_3.png]
[preview.colorlib.com/theme/medico/single-blog.html]
[preview.colorlib.com/theme/medico/contact.html]
[preview.colorlib.com/theme/medico/img/icon/banner_1.svg]
[preview.colorlib.com/theme/medico/img/icon/banner_2.svg]
[preview.colorlib.com/theme/medico/img/icon/banner_3.svg]
[preview.colorlib.com/theme/medico/img/icon/feature_1.svg]
[preview.colorlib.com/theme/medico/img/icon/feature_2.svg]
[preview.colorlib.com/theme/medico/css/owl.video.play.html]
[preview.colorlib.com/theme/medico/fonts/themify9f24.svg]
[preview.colorlib.com/theme/medico/fonts/Flaticon.html]
[preview.colorlib.com/theme/medico/css/Flaticon.html]
[preview.colorlib.com/cdn-cgi/scripts/5c5dd728/cloudflare-static/email-decode.min.js]
